MAP
  NAME "election_2015"
  SIZE 800 650
  #STATUS ON
  EXTENT -90.191281 12.706798 -87.623150 14.902626
  SIZE 500 500

  INCLUDE "../../geomoose_globals.map"

  WEB
    METADATA
      "wms_title" "election_2015"
      "wms_abstract" ""
      "wms_keywordlist" "votos, elecciones"
      "wms_onlineresource" "http://localhost/cgi-bin/mapserv?map=/var/www/html/geomoose/maps/demo/parcels/election_2015.map&"
      "wms_srs" "EPSG:4326 EPSG:900913"
      'wms_feature_info_mime_type' 'text/html'
      'queryable'          'true'
      "wms_enable_request" "*"
      "wms_contactperson" ""
      "wms_contactorganization" ""
      "wms_contactposition" ""
      "wms_contactvoicetelephone" ""
    END # METADATA
  END # WEB

  PROJECTION
    "init=epsg:3857"
  END

  LEGEND
    STATUS ON
    LABEL
      TYPE TRUETYPE
      FONT vera_sans
      SIZE 8
      COLOR 0 0 0
    END
  END

  LAYER
    NAME "legislative_election_2015"
    TYPE POLYGON

    CONNECTION "dbname='mapserver' port=5432 user='postgres' sslmode=disable"
    CONNECTIONTYPE POSTGIS
    DATA 'geom FROM legislative_election_2015 USING UNIQUE gid USING SRID=4326'
    #FILTER '("fmln_v2" < "fmln_v1")'

    #HEADER   "templates/header.html"
    #TEMPLATE "templates/content.html"
    #FOOTER "templates/footer.html"

    METADATA
      "wms_title" "legislative_election_2015"
      "wms_abstract" ""
      "wms_keywordlist" "votos, elecciones"
      "wms_srs"   "EPSG:4326 EPSG:900913"
      "wms_enable_request" "*"
      'wms_include_items' 'all'
      'ows_mygeom_type'  'polygon'
      "wms_feature_info_mime_type" "text/html"
      'queryable'          'true'
      "wms_enable_request" "GetMap GetFeatureInfo"
    END # METADATA

    STATUS OFF
    PROJECTION
  		"init=epsg:4326"
  	END

    EXTENT -90.191281 12.706798 -87.623150 14.902626
    OPACITY 90
    LABELITEM "centro"
    LABELMAXSCALEDENOM 80000
    #LABELCACHE ON
    UNITS dd
    SIZEUNITS PIXELS
    CLASS
      NAME 'Sectores'
      STYLE
        COLOR 173 216 230
        OUTLINECOLOR 0 0 0
        WIDTH 0.26
      END # STYLE
      LABEL
        COLOR 0 0 0
        FONT "vera_sans"
        TYPE TRUETYPE
        POSITION UC
        PARTIALS TRUE
        SIZE 7
        BUFFER 1
        OUTLINECOLOR 255 255 255
      END # LABEL
    END # CLASS



  END # LAYER

  LAYER
    NAME "municipal_election_2015"
    TYPE POLYGON

    CONNECTION "dbname='mapserver' port=5432 user='postgres' sslmode=disable"
    CONNECTIONTYPE POSTGIS
    DATA 'geom FROM municipal_election_2015 USING UNIQUE gid USING SRID=4326'
    #FILTER '("fmln_v2" < "fmln_v1")'

    #HEADER   "templates/header.html"
    #TEMPLATE "templates/content.html"
    #FOOTER "templates/footer.html"

    METADATA
      "wms_title" "municipal_election_2015"
      "wms_abstract" ""
      "wms_keywordlist" "votos, elecciones"
      "wms_srs"   "EPSG:4326 EPSG:900913"
      "wms_enable_request" "*"
      'wms_include_items' 'all'
      'ows_mygeom_type'  'polygon'
      "wms_feature_info_mime_type" "text/html"
      'queryable'          'true'
      "wms_enable_request" "GetMap GetFeatureInfo"
    END # METADATA

    STATUS OFF
    PROJECTION
  		"init=epsg:4326"
  	END

    EXTENT -90.191281 12.706798 -87.623150 14.902626
    OPACITY 90
    LABELITEM "centro"
    LABELMAXSCALEDENOM 80000
    #LABELCACHE ON
    UNITS dd
    SIZEUNITS PIXELS
    CLASS
      NAME 'Sectores'
      STYLE
        COLOR 106 90 205
        OUTLINECOLOR 0 0 0
        WIDTH 0.26
      END # STYLE
      LABEL
        COLOR 0 0 0
        FONT "vera_sans"
        TYPE TRUETYPE
        POSITION UC
        PARTIALS TRUE
        SIZE 7
        BUFFER 1
        OUTLINECOLOR 255 255 255
      END # LABEL
    END # CLASS



  END # LAYER

  LAYER
    NAME "parliament_election_2015"
    TYPE POLYGON

    CONNECTION "dbname='mapserver' port=5432 user='postgres' sslmode=disable"
    CONNECTIONTYPE POSTGIS
    DATA 'geom FROM parliament_election_2015 USING UNIQUE gid USING SRID=4326'
    #FILTER '("fmln_v2" < "fmln_v1")'

    #HEADER   "templates/header.html"
    #TEMPLATE "templates/content.html"
    #FOOTER "templates/footer.html"

    METADATA
      "wms_title" "parliament_election_2015"
      "wms_abstract" ""
      "wms_keywordlist" "votos, elecciones"
      "wms_srs"   "EPSG:4326 EPSG:900913"
      "wms_enable_request" "*"
      'wms_include_items' 'all'
      'ows_mygeom_type'  'polygon'
      "wms_feature_info_mime_type" "text/html"
      'queryable'          'true'
      "wms_enable_request" "GetMap GetFeatureInfo"
    END # METADATA

    STATUS OFF
    PROJECTION
  		"init=epsg:4326"
  	END

    EXTENT -90.191281 12.706798 -87.623150 14.902626
    OPACITY 90
    LABELITEM "centro"
    LABELMAXSCALEDENOM 80000
    #LABELCACHE ON
    UNITS dd
    SIZEUNITS PIXELS
    CLASS
      NAME 'Sectores'
      STYLE
        COLOR 230 230 250
        OUTLINECOLOR 0 0 0
        WIDTH 0.26
      END # STYLE
      LABEL
        COLOR 0 0 0
        FONT "vera_sans"
        TYPE TRUETYPE
        POSITION UC
        PARTIALS TRUE
        SIZE 7
        BUFFER 1
        OUTLINECOLOR 255 255 255
      END # LABEL
    END # CLASS



  END # LAYER

END # MAP
