MAP
  NAME "presidential_election_2014_v1"
  SIZE 800 650
  STATUS ON
  EXTENT -90.191281 12.706798 -87.623150 14.902626
  SIZE 500 500

  INCLUDE "../../geomoose_globals.map"

  WEB
    METADATA
      "wms_title" "presidential_election_2014_v1"
      "wms_abstract" ""
      "wms_keywordlist" "votos, presidenciales"
      "wms_onlineresource" "http://localhost/cgi-bin/mapserv?map=/var/www/html/geomoose/maps/demo/parcels/presidential_election_2014_v1.map&"
      "wms_srs" "EPSG:4326 EPSG:900913"
      'wms_feature_info_mime_type' 'text/html'
      'queryable'          'true'
      "wms_enable_request" "*"
      "wms_contactperson" ""
      "wms_contactorganization" ""
      "wms_contactposition" ""
      "wms_contactvoicetelephone" ""
    END # METADATA
  END # WEB

  PROJECTION
    "init=epsg:3857"
  END

  LEGEND
    STATUS ON
    LABEL
      TYPE TRUETYPE
      FONT vera_sans
      SIZE 8
      COLOR 0 0 0
    END
  END

  LAYER
    NAME "presidential_election_2014_v1"
    TYPE POLYGON

    CONNECTION "dbname='mapserver' port=5432 user='postgres' sslmode=disable"
    CONNECTIONTYPE POSTGIS
    DATA 'geom FROM presidential_election_2014 USING UNIQUE gid USING SRID=4326'

    TEMPLATE "templates/presidential_election_v1_2014.html"

    METADATA
      "wms_title" "presidential_election_2014"
      "wms_abstract" ""
      "wms_keywordlist" "votos, presidenciales"
      "wms_srs"   "EPSG:4326 EPSG:900913"
      "wms_enable_request" "*"
      'wms_include_items' 'all'
      'ows_mygeom_type'  'polygon'
      "wms_feature_info_mime_type" "text/html"
      'queryable'          'true'
      "wms_enable_request" "GetMap GetFeatureInfo"
    END # METADATA

    STATUS DEFAULT
    PROJECTION
  		"init=epsg:4326"
  	END

    EXTENT -90.191281 12.706798 -87.623150 14.902626
    OPACITY 90
    LABELITEM "centro_e_1"
    LABELMAXSCALEDENOM 80000
    #LABELCACHE ON
    UNITS dd
    SIZEUNITS PIXELS

    CLASS
      NAME 'FMLN'
      STYLE
        COLOR 255 0 0
        OUTLINECOLOR 0 0 0
        WIDTH 0.26
      END # STYLE
      EXPRESSION (([fmln_v1] > [arena_v1]) AND ([fmln_v1] > [unidad_v1]) AND ([fmln_v1] > [fps_v1]) AND ([fmln_v1] > [psp_v1]))
    END # CLASS

    CLASS
      NAME 'ARENA'
      STYLE
        COLOR 0 0 255
        OUTLINECOLOR 0 0 0
        WIDTH 0.26
      END # STYLE
      EXPRESSION (([arena_v1] > [fmln_v1]) AND ([arena_v1] > [unidad_v1]) AND ([arena_v1] > [fps_v1]) AND ([arena_v1] > [psp_v1]))
    END # CLASS

    CLASS
      NAME 'UNIDAD'
      STYLE
        COLOR 255 165 0
        OUTLINECOLOR 0 0 0
        WIDTH 0.26
      END # STYLE
      EXPRESSION (([unidad_v1] > [fmln_v1]) AND ([unidad_v1] > [arena_v1]) AND ([unidad_v1] > [fps_v1]) AND ([unidad_v1] > [psp_v1]))
    END # CLASS

    CLASS
      NAME 'FPS'
      STYLE
        COLOR 0 128 0
        OUTLINECOLOR 0 0 0
        WIDTH 0.26
      END # STYLE
      EXPRESSION (([fps_v1] > [fmln_v1]) AND ([fps_v1] > [arena_v1]) AND ([fps_v1] > [unidad_v1]) AND ([fps_v1] > [psp_v1]))
    END # CLASS

    CLASS
      NAME 'PSP'
      STYLE
        COLOR 255 255 0
        OUTLINECOLOR 0 0 0
        WIDTH 0.26
      END # STYLE
      EXPRESSION (([psp_v1] > [fmln_v1]) AND ([psp_v1] > [arena_v1]) AND ([psp_v1] > [unidad_v1]) AND ([psp_v1] > [fps_v1]))
    END # CLASS


  END # LAYER

END # MAP
